src/pages/GenrePage/GenrePage.tsx(68,13): error TS18046: 'data' is of type 'unknown'.
src/pages/GenrePage/GenrePage.tsx(69,16): error TS7006: Parameter 'book' implicitly has an 'any' type.
src/pages/GenrePage/GenrePage.tsx(80,11): error TS18046: 'data' is of type 'unknown'.
